{"Name":"MaterialDrawer/library","Type":"JavaArtifact","Files":["library/build/generated/source/buildConfig/debug/com/mikepenz/materialdrawer/BuildConfig.java","library/build/generated/source/r/debug/android/support/design/R.java","library/build/generated/source/r/debug/android/support/v7/appcompat/R.java","library/build/generated/source/r/debug/android/support/v7/recyclerview/R.java","library/build/generated/source/r/debug/com/mikepenz/fastadapter/R.java","library/build/generated/source/r/debug/com/mikepenz/iconics/core/R.java","library/build/generated/source/r/debug/com/mikepenz/materialdrawer/R.java","library/build/generated/source/r/debug/com/mikepenz/materialize/R.java","library/src/main/java/com/mikepenz/materialdrawer/AccountHeader.java","library/src/main/java/com/mikepenz/materialdrawer/AccountHeaderBuilder.java","library/src/main/java/com/mikepenz/materialdrawer/Drawer.java","library/src/main/java/com/mikepenz/materialdrawer/DrawerBuilder.java","library/src/main/java/com/mikepenz/materialdrawer/DrawerUtils.java","library/src/main/java/com/mikepenz/materialdrawer/MiniDrawer.java","library/src/main/java/com/mikepenz/materialdrawer/holder/BadgeStyle.java","library/src/main/java/com/mikepenz/materialdrawer/holder/ColorHolder.java","library/src/main/java/com/mikepenz/materialdrawer/holder/DimenHolder.java","library/src/main/java/com/mikepenz/materialdrawer/holder/ImageHolder.java","library/src/main/java/com/mikepenz/materialdrawer/holder/StringHolder.java","library/src/main/java/com/mikepenz/materialdrawer/icons/MaterialDrawerFont.java","library/src/main/java/com/mikepenz/materialdrawer/interfaces/ICrossfader.java","library/src/main/java/com/mikepenz/materialdrawer/interfaces/OnCheckedChangeListener.java","library/src/main/java/com/mikepenz/materialdrawer/model/AbstractDrawerItem.java","library/src/main/java/com/mikepenz/materialdrawer/model/BaseDrawerItem.java","library/src/main/java/com/mikepenz/materialdrawer/model/BasePrimaryDrawerItem.java","library/src/main/java/com/mikepenz/materialdrawer/model/BaseViewHolder.java","library/src/main/java/com/mikepenz/materialdrawer/model/ContainerDrawerItem.java","library/src/main/java/com/mikepenz/materialdrawer/model/DividerDrawerItem.java","library/src/main/java/com/mikepenz/materialdrawer/model/ExpandableDrawerItem.java","library/src/main/java/com/mikepenz/materialdrawer/model/MiniDrawerItem.java","library/src/main/java/com/mikepenz/materialdrawer/model/MiniProfileDrawerItem.java","library/src/main/java/com/mikepenz/materialdrawer/model/PrimaryDrawerItem.java","library/src/main/java/com/mikepenz/materialdrawer/model/ProfileDrawerItem.java","library/src/main/java/com/mikepenz/materialdrawer/model/ProfileSettingDrawerItem.java","library/src/main/java/com/mikepenz/materialdrawer/model/SecondaryDrawerItem.java","library/src/main/java/com/mikepenz/materialdrawer/model/SecondarySwitchDrawerItem.java","library/src/main/java/com/mikepenz/materialdrawer/model/SecondaryToggleDrawerItem.java","library/src/main/java/com/mikepenz/materialdrawer/model/SectionDrawerItem.java","library/src/main/java/com/mikepenz/materialdrawer/model/SwitchDrawerItem.java","library/src/main/java/com/mikepenz/materialdrawer/model/ToggleDrawerItem.java","library/src/main/java/com/mikepenz/materialdrawer/model/interfaces/Badgeable.java","library/src/main/java/com/mikepenz/materialdrawer/model/interfaces/ColorfulBadgeable.java","library/src/main/java/com/mikepenz/materialdrawer/model/interfaces/IDrawerItem.java","library/src/main/java/com/mikepenz/materialdrawer/model/interfaces/IProfile.java","library/src/main/java/com/mikepenz/materialdrawer/model/interfaces/Iconable.java","library/src/main/java/com/mikepenz/materialdrawer/model/interfaces/Nameable.java","library/src/main/java/com/mikepenz/materialdrawer/model/interfaces/OnPostBindViewListener.java","library/src/main/java/com/mikepenz/materialdrawer/model/interfaces/Selectable.java","library/src/main/java/com/mikepenz/materialdrawer/model/interfaces/Tagable.java","library/src/main/java/com/mikepenz/materialdrawer/model/interfaces/Typefaceable.java","library/src/main/java/com/mikepenz/materialdrawer/model/utils/BadgeDrawableBuilder.java","library/src/main/java/com/mikepenz/materialdrawer/util/AbstractDrawerImageLoader.java","library/src/main/java/com/mikepenz/materialdrawer/util/DrawerImageLoader.java","library/src/main/java/com/mikepenz/materialdrawer/util/DrawerItemViewHelper.java","library/src/main/java/com/mikepenz/materialdrawer/util/DrawerUIUtils.java","library/src/main/java/com/mikepenz/materialdrawer/util/KeyboardUtil.java","library/src/main/java/com/mikepenz/materialdrawer/util/PressedEffectStateListDrawable.java","library/src/main/java/com/mikepenz/materialdrawer/view/BezelImageView.java"],"Dir":"library","Dependencies":[{"Version":"23.4.0","Type":"JavaArtifact","Name":"com.android.support/animated-vector-drawable"},{"Version":"23.4.0","Type":"JavaArtifact","Name":"com.android.support/appcompat-v7"},{"Version":"23.4.0","Type":"JavaArtifact","Name":"com.android.support/design"},{"Version":"23.4.0","Type":"JavaArtifact","Name":"com.android.support/recyclerview-v7"},{"Version":"23.4.0","Type":"JavaArtifact","Name":"com.android.support/support-annotations"},{"Version":"23.4.0","Type":"JavaArtifact","Name":"com.android.support/support-v4"},{"Version":"23.4.0","Type":"JavaArtifact","Name":"com.android.support/support-vector-drawable"},{"Version":"1.5.1","Type":"JavaArtifact","Name":"com.mikepenz/fastadapter"},{"Version":"2.5.11","Type":"JavaArtifact","Name":"com.mikepenz/iconics-core"},{"Version":"0.8.8","Type":"JavaArtifact","Name":"com.mikepenz/materialize"}],"Data":{"Android":true,"SourceVersion":"1.8","ClassPath":["/android/android-sdk-linux/extras/android/m2repository/com/android/support/recyclerview-v7/23.4.0/recyclerview-v7-23.4.0.aar","/android/android-sdk-linux/extras/android/m2repository/com/android/support/support-v4/23.4.0/support-v4-23.4.0.aar","library/build/intermediates/exploded-aar/com.android.support/animated-vector-drawable/23.4.0/jars/classes.jar","library/build/intermediates/exploded-aar/com.android.support/appcompat-v7/23.4.0/jars/classes.jar",".gradle-srclib/caches/modules-2/files-2.1/com.mikepenz/fastadapter/1.5.1/b4373a7461e72bd715919fdf521b929193315e0e/fastadapter-1.5.1.aar","library/build/intermediates/exploded-aar/com.android.support/support-v4/23.4.0/jars/classes.jar","library/build/intermediates/classes/debug",".gradle-srclib/caches/modules-2/files-2.1/com.mikepenz/materialize/0.8.8/df86b8d9eb8870d03d585fb408375d7a1affba77/materialize-0.8.8.aar","/android/android-sdk-linux/extras/android/m2repository/com/android/support/support-annotations/23.4.0/support-annotations-23.4.0.jar","library/build/intermediates/exploded-aar/com.android.support/support-vector-drawable/23.4.0/jars/classes.jar","/android/android-sdk-linux/extras/android/m2repository/com/android/support/design/23.4.0/design-23.4.0.aar","/android/android-sdk-linux/extras/android/m2repository/com/android/support/animated-vector-drawable/23.4.0/animated-vector-drawable-23.4.0.aar","library/build/intermediates/exploded-aar/com.mikepenz/fastadapter/1.5.1/jars/classes.jar","/android/android-sdk-linux/extras/android/m2repository/com/android/support/support-vector-drawable/23.4.0/support-vector-drawable-23.4.0.aar","library/build/intermediates/exploded-aar/com.android.support/support-v4/23.4.0/jars/libs/internal_impl-23.4.0.jar","library/build/intermediates/dependency-cache/debug","library/build/intermediates/exploded-aar/com.mikepenz/materialize/0.8.8/jars/classes.jar","library/build/intermediates/exploded-aar/com.android.support/design/23.4.0/jars/classes.jar","/android/android-sdk-linux/extras/android/m2repository/com/android/support/appcompat-v7/23.4.0/appcompat-v7-23.4.0.aar","library/build/intermediates/exploded-aar/com.mikepenz/iconics-core/2.5.11/jars/classes.jar","library/build/intermediates/bundles/debug/classes.jar","library/build/intermediates/exploded-aar/com.android.support/recyclerview-v7/23.4.0/jars/classes.jar",".gradle-srclib/caches/modules-2/files-2.1/com.mikepenz/iconics-core/2.5.11/1583f6a54ba9c1f5febfa196a6eb408fb338bf0/iconics-core-2.5.11.aar"],"BootClassPath":["/android/android-sdk-linux/platforms/android-23/android.jar"],"Dependencies":[{"groupID":"com.android.support","artifactID":"animated-vector-drawable","version":"23.4.0","scope":"compile","file":"/android/android-sdk-linux/extras/android/m2repository/com/android/support/animated-vector-drawable/23.4.0/animated-vector-drawable-23.4.0.aar"},{"groupID":"com.android.support","artifactID":"appcompat-v7","version":"23.4.0","scope":"compile","file":"/android/android-sdk-linux/extras/android/m2repository/com/android/support/appcompat-v7/23.4.0/appcompat-v7-23.4.0.aar"},{"groupID":"com.android.support","artifactID":"design","version":"23.4.0","scope":"compile","file":"/android/android-sdk-linux/extras/android/m2repository/com/android/support/design/23.4.0/design-23.4.0.aar"},{"groupID":"com.mikepenz","artifactID":"fastadapter","version":"1.5.1","scope":"compile","file":".gradle-srclib/caches/modules-2/files-2.1/com.mikepenz/fastadapter/1.5.1/b4373a7461e72bd715919fdf521b929193315e0e/fastadapter-1.5.1.aar"},{"groupID":"com.mikepenz","artifactID":"iconics-core","version":"2.5.11","scope":"compile","file":".gradle-srclib/caches/modules-2/files-2.1/com.mikepenz/iconics-core/2.5.11/1583f6a54ba9c1f5febfa196a6eb408fb338bf0/iconics-core-2.5.11.aar"},{"groupID":"com.mikepenz","artifactID":"materialize","version":"0.8.8","scope":"compile","file":".gradle-srclib/caches/modules-2/files-2.1/com.mikepenz/materialize/0.8.8/df86b8d9eb8870d03d585fb408375d7a1affba77/materialize-0.8.8.aar"},{"groupID":"com.android.support","artifactID":"recyclerview-v7","version":"23.4.0","scope":"compile","file":"/android/android-sdk-linux/extras/android/m2repository/com/android/support/recyclerview-v7/23.4.0/recyclerview-v7-23.4.0.aar"},{"groupID":"com.android.support","artifactID":"support-annotations","version":"23.4.0","scope":"compile","file":"/android/android-sdk-linux/extras/android/m2repository/com/android/support/support-annotations/23.4.0/support-annotations-23.4.0.jar"},{"groupID":"com.android.support","artifactID":"support-v4","version":"23.4.0","scope":"compile","file":"/android/android-sdk-linux/extras/android/m2repository/com/android/support/support-v4/23.4.0/support-v4-23.4.0.aar"},{"groupID":"com.android.support","artifactID":"support-vector-drawable","version":"23.4.0","scope":"compile","file":"/android/android-sdk-linux/extras/android/m2repository/com/android/support/support-vector-drawable/23.4.0/support-vector-drawable-23.4.0.aar"}],"SourcePath":[{"name":"MaterialDrawer/library","version":"unspecified","filePath":"library/build/intermediates/classes/debug"},{"name":"MaterialDrawer/library","version":"unspecified","filePath":"library/build/intermediates/dependency-cache/debug"},{"name":"MaterialDrawer/library","version":"unspecified","filePath":"library/src/androidTest/java"},{"name":"MaterialDrawer/library","version":"unspecified","filePath":"library/src/main/java"},{"name":"MaterialDrawer/library","version":"unspecified","filePath":"library/src/test/java"}],"GradleFile":"build.gradle"}}
