{
  "Defs": [
    {
      "UnitType": "JavaArtifact",
      "Unit": "com.sourcegraph/java-with-srcfile",
      "Path": "foo/bar/baz",
      "Name": "baz",
      "Kind": "package",
      "File": "",
      "DefStart": 0,
      "DefEnd": 0,
      "Data": {
        "JavaKind": "PACKAGE",
        "Package": "foo.bar.baz"
      },
      "TreePath": "foo/bar/baz"
    },
    {
      "UnitType": "JavaArtifact",
      "Unit": "com.sourcegraph/java-with-srcfile",
      "Path": "foo/bar/baz/Qux/:init",
      "Name": "\u003cinit\u003e",
      "Kind": "func",
      "File": "src/main/java/foo/bar/baz/Qux.java",
      "DefStart": 76,
      "DefEnd": 79,
      "Exported": true,
      "Data": {
        "JavaKind": "CONSTRUCTOR",
        "TypeExpression": "()void",
        "Package": "foo.bar.baz",
        "Modifiers": [
          "public"
        ]
      },
      "TreePath": "foo/bar/baz/Qux/:init"
    },
    {
      "UnitType": "JavaArtifact",
      "Unit": "com.sourcegraph/java-with-srcfile",
      "Path": "foo/bar/baz/Qux:type",
      "Name": "Qux",
      "Kind": "type",
      "File": "src/main/java/foo/bar/baz/Qux.java",
      "DefStart": 63,
      "DefEnd": 183,
      "Exported": true,
      "Data": {
        "JavaKind": "CLASS",
        "TypeExpression": "foo.bar.baz.Qux",
        "Package": "foo.bar.baz",
        "Modifiers": [
          "public"
        ]
      },
      "TreePath": "foo/bar/baz/Qux:type"
    },
    {
      "UnitType": "JavaArtifact",
      "Unit": "com.sourcegraph/java-with-srcfile",
      "Path": "foo/bar/baz/Qux:type/main:java.lang.String[]",
      "Name": "main",
      "Kind": "func",
      "File": "src/main/java/foo/bar/baz/Qux.java",
      "DefStart": 85,
      "DefEnd": 181,
      "Exported": true,
      "Data": {
        "JavaKind": "METHOD",
        "TypeExpression": "(java.lang.String[])void",
        "Package": "foo.bar.baz",
        "Modifiers": [
          "public",
          "static"
        ]
      },
      "TreePath": "foo/bar/baz/Qux:type/main:java.lang.String[]"
    },
    {
      "UnitType": "JavaArtifact",
      "Unit": "com.sourcegraph/java-with-srcfile",
      "Path": "foo/bar/baz/Qux:type/main:java.lang.String[]/args",
      "Name": "args",
      "Kind": "var",
      "File": "src/main/java/foo/bar/baz/Qux.java",
      "DefStart": 109,
      "DefEnd": 122,
      "Local": true,
      "Data": {
        "JavaKind": "PARAMETER",
        "TypeExpression": "java.lang.String[]",
        "Package": "foo.bar.baz",
        "Modifiers": []
      },
      "TreePath": "foo/bar/baz/Qux:type/main:java.lang.String[]/args"
    },
    {
      "UnitType": "JavaArtifact",
      "Unit": "com.sourcegraph/java-with-srcfile",
      "Path": "foo/bar/baz/Qux:type/main:java.lang.String[]/jc",
      "Name": "jc",
      "Kind": "var",
      "File": "src/main/java/foo/bar/baz/Qux.java",
      "DefStart": 145,
      "DefEnd": 178,
      "Local": true,
      "Data": {
        "JavaKind": "LOCAL_VARIABLE",
        "TypeExpression": "com.beust.jcommander.JCommander",
        "Package": "foo.bar.baz",
        "Modifiers": []
      },
      "TreePath": "foo/bar/baz/Qux:type/main:java.lang.String[]/jc"
    }
  ],
  "Refs": [
    {
      "DefRepo": "github.com/cbeust/jcommander",
      "DefUnitType": "JavaArtifact",
      "DefUnit": "com.beust/jcommander",
      "DefPath": "com/beust/jcommander/JCommander:type",
      "Unit": "com.sourcegraph/java-with-srcfile",
      "File": "src/main/java/foo/bar/baz/Qux.java",
      "Start": 145,
      "End": 155
    },
    {
      "DefRepo": "github.com/cbeust/jcommander",
      "DefUnitType": "JavaArtifact",
      "DefUnit": "com.beust/jcommander",
      "DefPath": "com/beust/jcommander/JCommander:type",
      "Unit": "com.sourcegraph/java-with-srcfile",
      "File": "src/main/java/foo/bar/baz/Qux.java",
      "Start": 165,
      "End": 175
    },
    {
      "DefRepo": "github.com/cbeust/jcommander",
      "DefUnitType": "JavaArtifact",
      "DefUnit": "com.beust/jcommander",
      "DefPath": "com/beust/jcommander/JCommander:type",
      "Unit": "com.sourcegraph/java-with-srcfile",
      "File": "src/main/java/foo/bar/baz/Qux.java",
      "Start": 50,
      "End": 60
    },
    {
      "DefUnitType": "JavaArtifact",
      "DefUnit": "com.sourcegraph/java-with-srcfile",
      "DefPath": "foo/bar/baz/Qux:type/main:java.lang.String[]/args",
      "Unit": "com.sourcegraph/java-with-srcfile",
      "Def": true,
      "File": "src/main/java/foo/bar/baz/Qux.java",
      "Start": 116,
      "End": 120
    },
    {
      "DefUnitType": "JavaArtifact",
      "DefUnit": "com.sourcegraph/java-with-srcfile",
      "DefPath": "foo/bar/baz/Qux:type/main:java.lang.String[]/jc",
      "Unit": "com.sourcegraph/java-with-srcfile",
      "Def": true,
      "File": "src/main/java/foo/bar/baz/Qux.java",
      "Start": 156,
      "End": 158
    },
    {
      "DefUnitType": "JavaArtifact",
      "DefUnit": "com.sourcegraph/java-with-srcfile",
      "DefPath": "foo/bar/baz/Qux:type/main:java.lang.String[]",
      "Unit": "com.sourcegraph/java-with-srcfile",
      "Def": true,
      "File": "src/main/java/foo/bar/baz/Qux.java",
      "Start": 104,
      "End": 108
    },
    {
      "DefUnitType": "JavaArtifact",
      "DefUnit": "com.sourcegraph/java-with-srcfile",
      "DefPath": "foo/bar/baz/Qux:type",
      "Unit": "com.sourcegraph/java-with-srcfile",
      "Def": true,
      "File": "src/main/java/foo/bar/baz/Qux.java",
      "Start": 76,
      "End": 79
    },
    {
      "DefRepo": "hg.openjdk.java.net/jdk8/jdk8/jdk",
      "DefUnitType": "Java",
      "DefUnit": "jdk",
      "DefPath": "java/lang/Exception:type",
      "Unit": "com.sourcegraph/java-with-srcfile",
      "File": "src/main/java/foo/bar/baz/Qux.java",
      "Start": 131,
      "End": 140
    },
    {
      "DefRepo": "hg.openjdk.java.net/jdk8/jdk8/jdk",
      "DefUnitType": "Java",
      "DefUnit": "jdk",
      "DefPath": "java/lang/String:type",
      "Unit": "com.sourcegraph/java-with-srcfile",
      "File": "src/main/java/foo/bar/baz/Qux.java",
      "Start": 109,
      "End": 115
    }
  ]
}