{"Name":"java-ant-sample","Type":"JavaArtifact","Files":["src/main/java/com/sourcegraph/Foo.java","src/test/java/com/sourcegraph/FooTest.java"],"Dependencies":[{"Version":"4.12","Type":"JavaArtifact","Name":"junit/junit"},{"Version":"3.1","Type":"JavaArtifact","Name":"org.apache.commons/commons-lang3"},{"Version":"3.1","Type":"JavaArtifact","Name":"org.apache.commons/commons-lang3"}],"Data":{"ClassPath":["lib/commons-lang3-3.1.jar","lib/commons-io-1.3.2.jar","build/classes","lib/junit-4.12.jar","lib/commons-lang3-3.1.jar","lib/commons-io-1.3.2.jar"],"Dependencies":[{"groupID":"org.apache.commons","artifactID":"commons-lang3","version":"3.1","scope":"","file":"lib/commons-lang3-3.1.jar"},{"groupID":"org.apache.commons","artifactID":"commons-lang3","version":"3.1","scope":"","file":"lib/commons-lang3-3.1.jar"},{"groupID":"junit","artifactID":"junit","version":"4.12","scope":"","file":"lib/junit-4.12.jar"}],"SourcePath":[],"BuildXML":"build.xml"}}
