{"Name":".","Type":"Java","Files":["src/share/classes/java/math/BigInteger.java"],"Dir":"src","Data":{"JDK":true,"SourcePath":[{"name":".","version":"","filePath":"src/share/classes"}]}}
