{"Name":"BuildTools","Type":"JavaArtifact","Files":["make/src/classes/build/tools/AddJsum.java"],"Dir":"make/src/classes","Data":{"JDK":true,"SourcePath":[{"name":"BuildTools","version":"","filePath":"make/src/classes"}]}}
