{"Name":"MaterialDrawer/app","Type":"JavaArtifact","Files":["app/build/generated/source/buildConfig/debug/com/mikepenz/materialdrawer/app/BuildConfig.java","app/build/generated/source/r/debug/android/support/design/R.java","app/build/generated/source/r/debug/android/support/v7/appcompat/R.java","app/build/generated/source/r/debug/android/support/v7/cardview/R.java","app/build/generated/source/r/debug/android/support/v7/recyclerview/R.java","app/build/generated/source/r/debug/com/mikepenz/aboutlibraries/R.java","app/build/generated/source/r/debug/com/mikepenz/crossfadedrawerlayout/R.java","app/build/generated/source/r/debug/com/mikepenz/crossfader/R.java","app/build/generated/source/r/debug/com/mikepenz/fastadapter/R.java","app/build/generated/source/r/debug/com/mikepenz/fontawesome_typeface_library/R.java","app/build/generated/source/r/debug/com/mikepenz/google_material_typeface_library/R.java","app/build/generated/source/r/debug/com/mikepenz/iconics/core/R.java","app/build/generated/source/r/debug/com/mikepenz/itemanimators/R.java","app/build/generated/source/r/debug/com/mikepenz/materialdrawer/R.java","app/build/generated/source/r/debug/com/mikepenz/materialdrawer/app/R.java","app/build/generated/source/r/debug/com/mikepenz/materialize/R.java","app/build/generated/source/r/debug/com/mikepenz/octicons_typeface_library/R.java","app/build/generated/source/r/debug/com/squareup/leakcanary/R.java","app/src/main/java/com/mikepenz/materialdrawer/app/ActionBarActivity.java","app/src/main/java/com/mikepenz/materialdrawer/app/AdvancedActivity.java","app/src/main/java/com/mikepenz/materialdrawer/app/CollapsingToolbarActivity.java","app/src/main/java/com/mikepenz/materialdrawer/app/CompactHeaderDrawerActivity.java","app/src/main/java/com/mikepenz/materialdrawer/app/CrossfadeDrawerLayoutActvitiy.java","app/src/main/java/com/mikepenz/materialdrawer/app/CustomApplication.java","app/src/main/java/com/mikepenz/materialdrawer/app/CustomContainerActivity.java","app/src/main/java/com/mikepenz/materialdrawer/app/DrawerActivity.java","app/src/main/java/com/mikepenz/materialdrawer/app/EmbeddedDrawerActivity.java","app/src/main/java/com/mikepenz/materialdrawer/app/FragmentActivity.java","app/src/main/java/com/mikepenz/materialdrawer/app/FullscreenDrawerActivity.java","app/src/main/java/com/mikepenz/materialdrawer/app/MenuDrawerActivity.java","app/src/main/java/com/mikepenz/materialdrawer/app/MiniDrawerActivity.java","app/src/main/java/com/mikepenz/materialdrawer/app/MultiDrawerActivity.java","app/src/main/java/com/mikepenz/materialdrawer/app/NonTranslucentDrawerActivity.java","app/src/main/java/com/mikepenz/materialdrawer/app/PersistentDrawerActivity.java","app/src/main/java/com/mikepenz/materialdrawer/app/drawerItems/CustomBaseViewHolder.java","app/src/main/java/com/mikepenz/materialdrawer/app/drawerItems/CustomCenteredPrimaryDrawerItem.java","app/src/main/java/com/mikepenz/materialdrawer/app/drawerItems/CustomPrimaryDrawerItem.java","app/src/main/java/com/mikepenz/materialdrawer/app/drawerItems/CustomUrlBasePrimaryDrawerItem.java","app/src/main/java/com/mikepenz/materialdrawer/app/drawerItems/CustomUrlPrimaryDrawerItem.java","app/src/main/java/com/mikepenz/materialdrawer/app/drawerItems/IconDrawerItem.java","app/src/main/java/com/mikepenz/materialdrawer/app/drawerItems/OverflowMenuDrawerItem.java","app/src/main/java/com/mikepenz/materialdrawer/app/fragment/DemoFragment.java","app/src/main/java/com/mikepenz/materialdrawer/app/fragment/DrawerFragment.java","app/src/main/java/com/mikepenz/materialdrawer/app/fragment/SecondDrawerFragment.java","app/src/main/java/com/mikepenz/materialdrawer/app/utils/CrossfadeWrapper.java","app/src/main/java/com/mikepenz/materialdrawer/app/utils/SystemUtils.java"],"Dir":"app","Dependencies":[{"Version":"unspecified","Type":"JavaArtifact","Name":"MaterialDrawer/library"},{"Version":"23.4.0","Type":"JavaArtifact","Name":"com.android.support/animated-vector-drawable"},{"Version":"23.4.0","Type":"JavaArtifact","Name":"com.android.support/appcompat-v7"},{"Version":"23.4.0","Type":"JavaArtifact","Name":"com.android.support/cardview-v7"},{"Version":"23.4.0","Type":"JavaArtifact","Name":"com.android.support/design"},{"Version":"23.4.0","Type":"JavaArtifact","Name":"com.android.support/recyclerview-v7"},{"Version":"23.4.0","Type":"JavaArtifact","Name":"com.android.support/support-annotations"},{"Version":"23.4.0","Type":"JavaArtifact","Name":"com.android.support/support-v4"},{"Version":"23.4.0","Type":"JavaArtifact","Name":"com.android.support/support-vector-drawable"},{"Version":"3.7.0","Type":"JavaArtifact","Name":"com.github.bumptech.glide/glide"},{"Version":"5.6.6","Type":"JavaArtifact","Name":"com.mikepenz/aboutlibraries"},{"Version":"0.3.4","Type":"JavaArtifact","Name":"com.mikepenz/crossfadedrawerlayout"},{"Version":"1.3.7","Type":"JavaArtifact","Name":"com.mikepenz/crossfader"},{"Version":"1.5.1","Type":"JavaArtifact","Name":"com.mikepenz/fastadapter"},{"Version":"4.4.0.1","Type":"JavaArtifact","Name":"com.mikepenz/fontawesome-typeface"},{"Version":"2.2.0.1","Type":"JavaArtifact","Name":"com.mikepenz/google-material-typeface"},{"Version":"2.5.11","Type":"JavaArtifact","Name":"com.mikepenz/iconics-core"},{"Version":"0.2.4","Type":"JavaArtifact","Name":"com.mikepenz/itemanimators"},{"Version":"0.8.8","Type":"JavaArtifact","Name":"com.mikepenz/materialize"},{"Version":"3.0.0.1","Type":"JavaArtifact","Name":"com.mikepenz/octicons-typeface"},{"Version":"1.4-beta2","Type":"JavaArtifact","Name":"com.squareup.leakcanary/leakcanary-android-no-op"},{"Version":"2.5.2","Type":"JavaArtifact","Name":"com.squareup.picasso/picasso"}],"Data":{"Android":true,"SourceVersion":"1.8","ClassPath":[".gradle-srclib/caches/modules-2/files-2.1/com.mikepenz/iconics-core/2.5.11/1583f6a54ba9c1f5febfa196a6eb408fb338bf0/iconics-core-2.5.11.aar","/android/android-sdk-linux/extras/android/m2repository/com/android/support/recyclerview-v7/23.4.0/recyclerview-v7-23.4.0.aar","app/build/intermediates/exploded-aar/com.mikepenz/materialize/0.8.8/jars/classes.jar",".gradle-srclib/caches/modules-2/files-2.1/com.mikepenz/itemanimators/0.2.4/24deb0f84d5ad8d45901c2892a210f3f6fd4cb71/itemanimators-0.2.4.aar","app/build/intermediates/exploded-aar/com.mikepenz/itemanimators/0.2.4/jars/classes.jar","app/build/intermediates/exploded-aar/com.mikepenz/fontawesome-typeface/4.4.0.1/jars/classes.jar","app/build/intermediates/exploded-aar/com.mikepenz/aboutlibraries/5.6.6/jars/classes.jar","library/build/intermediates/exploded-aar/com.android.support/support-v4/23.4.0/jars/classes.jar","/android/android-sdk-linux/extras/android/m2repository/com/android/support/support-annotations/23.4.0/support-annotations-23.4.0.jar","library/build/intermediates/dependency-cache/debug","app/build/intermediates/exploded-aar/com.android.support/support-v4/23.4.0/jars/classes.jar","app/build/intermediates/exploded-aar/com.squareup.leakcanary/leakcanary-android-no-op/1.4-beta2/jars/classes.jar",".gradle-srclib/caches/modules-2/files-2.1/com.mikepenz/crossfader/1.3.7/d2340328f4faa1a454b63b83806e0427f50158eb/crossfader-1.3.7.aar","/android/android-sdk-linux/extras/android/m2repository/com/android/support/support-vector-drawable/23.4.0/support-vector-drawable-23.4.0.aar","app/build/intermediates/exploded-aar/com.android.support/appcompat-v7/23.4.0/jars/classes.jar",".gradle-srclib/caches/modules-2/files-2.1/com.mikepenz/octicons-typeface/3.0.0.1/bc01e0d2ae7a4a4124bb31ecff6d4ee623794f0a/octicons-typeface-3.0.0.1.aar","app/build/intermediates/exploded-aar/com.android.support/cardview-v7/23.4.0/jars/classes.jar","library/build/intermediates/exploded-aar/com.mikepenz/fastadapter/1.5.1/jars/classes.jar","app/build/intermediates/exploded-aar/com.squareup.leakcanary/leakcanary-android/1.4-beta2/jars/classes.jar","app/build/intermediates/exploded-aar/com.android.support/support-v4/23.4.0/jars/libs/internal_impl-23.4.0.jar",".gradle-srclib/caches/modules-2/files-2.1/com.mikepenz/fontawesome-typeface/4.4.0.1/ff93552efbfd03f55f8db7dd53328e8bd8801dfc/fontawesome-typeface-4.4.0.1.aar","library/build/intermediates/exploded-aar/com.android.support/design/23.4.0/jars/classes.jar","app/build/intermediates/exploded-aar/com.android.support/support-vector-drawable/23.4.0/jars/classes.jar","library/build/intermediates/exploded-aar/com.mikepenz/materialize/0.8.8/jars/classes.jar",".gradle-srclib/caches/modules-2/files-2.1/com.mikepenz/crossfadedrawerlayout/0.3.4/7dbedbf564ea36d4b9422068c9fbdd2b39ce604b/crossfadedrawerlayout-0.3.4.aar","app/build/intermediates/classes/debug","library/build/intermediates/classes/debug","app/build/intermediates/dependency-cache/debug","app/build/intermediates/exploded-aar/com.mikepenz/crossfader/1.3.7/jars/classes.jar","app/build/intermediates/exploded-aar/com.mikepenz/fastadapter/1.5.1/jars/classes.jar","app/build/intermediates/exploded-aar/MaterialDrawer/library/unspecified/jars/classes.jar",".gradle-srclib/caches/modules-2/files-2.1/com.squareup.leakcanary/leakcanary-watcher/1.4-beta2/6a920fb0d14e5e3b36e37cf33b1eeef2bcce4c92/leakcanary-watcher-1.4-beta2.jar","library/build/intermediates/exploded-aar/com.android.support/support-vector-drawable/23.4.0/jars/classes.jar","library/build/intermediates/exploded-aar/com.mikepenz/iconics-core/2.5.11/jars/classes.jar","library/build/intermediates/exploded-aar/com.android.support/animated-vector-drawable/23.4.0/jars/classes.jar","app/build/intermediates/exploded-aar/com.mikepenz/google-material-typeface/2.2.0.1/jars/classes.jar","library/build/intermediates/exploded-aar/com.android.support/support-v4/23.4.0/jars/libs/internal_impl-23.4.0.jar","app/build/intermediates/exploded-aar/com.android.support/design/23.4.0/jars/classes.jar",".gradle-srclib/caches/modules-2/files-2.1/com.mikepenz/google-material-typeface/2.2.0.1/b66211a3ef7e6bbc150c3eb294f078f7e2e98ac2/google-material-typeface-2.2.0.1.aar","app/build/intermediates/exploded-aar/com.android.support/recyclerview-v7/23.4.0/jars/classes.jar",".gradle-srclib/caches/modules-2/files-2.1/com.mikepenz/materialize/0.8.8/df86b8d9eb8870d03d585fb408375d7a1affba77/materialize-0.8.8.aar",".gradle-srclib/caches/modules-2/files-2.1/com.squareup.haha/haha/2.0.2/fd65b84d12d6adc77ec0e4fcaca623fc391d8679/haha-2.0.2.jar",".gradle-srclib/caches/modules-2/files-2.1/com.github.bumptech.glide/glide/3.7.0/9e9eeaf9948ee4d6c3ab354e8dc14368f16994a4/glide-3.7.0.jar","app/build/intermediates/exploded-aar/com.mikepenz/crossfadedrawerlayout/0.3.4/jars/classes.jar",".gradle-srclib/caches/modules-2/files-2.1/com.squareup.picasso/picasso/2.5.2/7446d06ec8d4f7ffcc53f1da37c95f200dcb9387/picasso-2.5.2.jar","library/build/intermediates/exploded-aar/com.android.support/appcompat-v7/23.4.0/jars/classes.jar","/android/android-sdk-linux/extras/android/m2repository/com/android/support/appcompat-v7/23.4.0/appcompat-v7-23.4.0.aar","/android/android-sdk-linux/extras/android/m2repository/com/android/support/cardview-v7/23.4.0/cardview-v7-23.4.0.aar","app/build/intermediates/exploded-aar/com.android.support/animated-vector-drawable/23.4.0/jars/classes.jar",".gradle-srclib/caches/modules-2/files-2.1/com.mikepenz/fastadapter/1.5.1/b4373a7461e72bd715919fdf521b929193315e0e/fastadapter-1.5.1.aar","/android/android-sdk-linux/extras/android/m2repository/com/android/support/support-v4/23.4.0/support-v4-23.4.0.aar","app/build/intermediates/exploded-aar/com.mikepenz/iconics-core/2.5.11/jars/classes.jar","library/build/outputs/aar/library-release.aar","app/build/intermediates/exploded-aar/com.mikepenz/octicons-typeface/3.0.0.1/jars/classes.jar",".gradle-srclib/caches/modules-2/files-2.1/com.squareup.leakcanary/leakcanary-analyzer/1.4-beta2/449777cd466ac0a16f7e8d0dc508e70e2cdd13a9/leakcanary-analyzer-1.4-beta2.jar","library/build/intermediates/exploded-aar/com.android.support/recyclerview-v7/23.4.0/jars/classes.jar",".gradle-srclib/caches/modules-2/files-2.1/com.squareup.leakcanary/leakcanary-android-no-op/1.4-beta2/2c4d6f39d383357e3958e88c1db9908a5466c4f7/leakcanary-android-no-op-1.4-beta2.aar","/android/android-sdk-linux/extras/android/m2repository/com/android/support/design/23.4.0/design-23.4.0.aar","/android/android-sdk-linux/extras/android/m2repository/com/android/support/animated-vector-drawable/23.4.0/animated-vector-drawable-23.4.0.aar",".gradle-srclib/caches/modules-2/files-2.1/com.mikepenz/aboutlibraries/5.6.6/49834edd9dae440f4b57f5a7be309397be25b014/aboutlibraries-5.6.6.aar"],"BootClassPath":["/android/android-sdk-linux/platforms/android-23/android.jar"],"Dependencies":[{"groupID":"com.mikepenz","artifactID":"aboutlibraries","version":"5.6.6","scope":"compile","file":".gradle-srclib/caches/modules-2/files-2.1/com.mikepenz/aboutlibraries/5.6.6/49834edd9dae440f4b57f5a7be309397be25b014/aboutlibraries-5.6.6.aar"},{"groupID":"com.android.support","artifactID":"animated-vector-drawable","version":"23.4.0","scope":"compile","file":"/android/android-sdk-linux/extras/android/m2repository/com/android/support/animated-vector-drawable/23.4.0/animated-vector-drawable-23.4.0.aar"},{"groupID":"com.android.support","artifactID":"appcompat-v7","version":"23.4.0","scope":"compile","file":"/android/android-sdk-linux/extras/android/m2repository/com/android/support/appcompat-v7/23.4.0/appcompat-v7-23.4.0.aar"},{"groupID":"com.android.support","artifactID":"cardview-v7","version":"23.4.0","scope":"compile","file":"/android/android-sdk-linux/extras/android/m2repository/com/android/support/cardview-v7/23.4.0/cardview-v7-23.4.0.aar"},{"groupID":"com.mikepenz","artifactID":"crossfadedrawerlayout","version":"0.3.4","scope":"compile","file":".gradle-srclib/caches/modules-2/files-2.1/com.mikepenz/crossfadedrawerlayout/0.3.4/7dbedbf564ea36d4b9422068c9fbdd2b39ce604b/crossfadedrawerlayout-0.3.4.aar"},{"groupID":"com.mikepenz","artifactID":"crossfader","version":"1.3.7","scope":"compile","file":".gradle-srclib/caches/modules-2/files-2.1/com.mikepenz/crossfader/1.3.7/d2340328f4faa1a454b63b83806e0427f50158eb/crossfader-1.3.7.aar"},{"groupID":"com.android.support","artifactID":"design","version":"23.4.0","scope":"compile","file":"/android/android-sdk-linux/extras/android/m2repository/com/android/support/design/23.4.0/design-23.4.0.aar"},{"groupID":"com.mikepenz","artifactID":"fastadapter","version":"1.5.1","scope":"compile","file":".gradle-srclib/caches/modules-2/files-2.1/com.mikepenz/fastadapter/1.5.1/b4373a7461e72bd715919fdf521b929193315e0e/fastadapter-1.5.1.aar"},{"groupID":"com.mikepenz","artifactID":"fontawesome-typeface","version":"4.4.0.1","scope":"compile","file":".gradle-srclib/caches/modules-2/files-2.1/com.mikepenz/fontawesome-typeface/4.4.0.1/ff93552efbfd03f55f8db7dd53328e8bd8801dfc/fontawesome-typeface-4.4.0.1.aar"},{"groupID":"com.github.bumptech.glide","artifactID":"glide","version":"3.7.0","scope":"compile","file":".gradle-srclib/caches/modules-2/files-2.1/com.github.bumptech.glide/glide/3.7.0/9e9eeaf9948ee4d6c3ab354e8dc14368f16994a4/glide-3.7.0.jar"},{"groupID":"com.mikepenz","artifactID":"google-material-typeface","version":"2.2.0.1","scope":"compile","file":".gradle-srclib/caches/modules-2/files-2.1/com.mikepenz/google-material-typeface/2.2.0.1/b66211a3ef7e6bbc150c3eb294f078f7e2e98ac2/google-material-typeface-2.2.0.1.aar"},{"groupID":"com.mikepenz","artifactID":"iconics-core","version":"2.5.11","scope":"compile","file":".gradle-srclib/caches/modules-2/files-2.1/com.mikepenz/iconics-core/2.5.11/1583f6a54ba9c1f5febfa196a6eb408fb338bf0/iconics-core-2.5.11.aar"},{"groupID":"com.mikepenz","artifactID":"itemanimators","version":"0.2.4","scope":"compile","file":".gradle-srclib/caches/modules-2/files-2.1/com.mikepenz/itemanimators/0.2.4/24deb0f84d5ad8d45901c2892a210f3f6fd4cb71/itemanimators-0.2.4.aar"},{"groupID":"com.squareup.leakcanary","artifactID":"leakcanary-android-no-op","version":"1.4-beta2","scope":"testCompile","file":".gradle-srclib/caches/modules-2/files-2.1/com.squareup.leakcanary/leakcanary-android-no-op/1.4-beta2/2c4d6f39d383357e3958e88c1db9908a5466c4f7/leakcanary-android-no-op-1.4-beta2.aar"},{"groupID":"MaterialDrawer","artifactID":"library","version":"unspecified","scope":"compile","file":"library/build/outputs/aar/library-release.aar"},{"groupID":"com.mikepenz","artifactID":"materialize","version":"0.8.8","scope":"compile","file":".gradle-srclib/caches/modules-2/files-2.1/com.mikepenz/materialize/0.8.8/df86b8d9eb8870d03d585fb408375d7a1affba77/materialize-0.8.8.aar"},{"groupID":"com.mikepenz","artifactID":"octicons-typeface","version":"3.0.0.1","scope":"compile","file":".gradle-srclib/caches/modules-2/files-2.1/com.mikepenz/octicons-typeface/3.0.0.1/bc01e0d2ae7a4a4124bb31ecff6d4ee623794f0a/octicons-typeface-3.0.0.1.aar"},{"groupID":"com.squareup.picasso","artifactID":"picasso","version":"2.5.2","scope":"compile","file":".gradle-srclib/caches/modules-2/files-2.1/com.squareup.picasso/picasso/2.5.2/7446d06ec8d4f7ffcc53f1da37c95f200dcb9387/picasso-2.5.2.jar"},{"groupID":"com.android.support","artifactID":"recyclerview-v7","version":"23.4.0","scope":"compile","file":"/android/android-sdk-linux/extras/android/m2repository/com/android/support/recyclerview-v7/23.4.0/recyclerview-v7-23.4.0.aar"},{"groupID":"com.android.support","artifactID":"support-annotations","version":"23.4.0","scope":"compile","file":"/android/android-sdk-linux/extras/android/m2repository/com/android/support/support-annotations/23.4.0/support-annotations-23.4.0.jar"},{"groupID":"com.android.support","artifactID":"support-v4","version":"23.4.0","scope":"compile","file":"/android/android-sdk-linux/extras/android/m2repository/com/android/support/support-v4/23.4.0/support-v4-23.4.0.aar"},{"groupID":"com.android.support","artifactID":"support-vector-drawable","version":"23.4.0","scope":"compile","file":"/android/android-sdk-linux/extras/android/m2repository/com/android/support/support-vector-drawable/23.4.0/support-vector-drawable-23.4.0.aar"}],"SourcePath":[{"name":"MaterialDrawer/app","version":"unspecified","filePath":"app/build/intermediates/classes/debug"},{"name":"MaterialDrawer/app","version":"unspecified","filePath":"app/build/intermediates/dependency-cache/debug"},{"name":"MaterialDrawer/app","version":"unspecified","filePath":"app/src/main/java"},{"name":"MaterialDrawer/app","version":"unspecified","filePath":"app/src/test/java"},{"name":"MaterialDrawer/app","version":"unspecified","filePath":"library/build/intermediates/classes/debug"},{"name":"MaterialDrawer/app","version":"unspecified","filePath":"library/build/intermediates/dependency-cache/debug"},{"name":"MaterialDrawer/library","version":"unspecified","filePath":"library/src/main/java"},{"name":"MaterialDrawer/library","version":"unspecified","filePath":"library/src/test/java"}],"GradleFile":"build.gradle"}}
