{"Name":"org.srclib.srclib-java/unresolved-maven-deps","Type":"JavaArtifact","Files":["unresolved-maven-deps/src/main/java/org/srclib/java/App.java","unresolved-maven-deps/src/main/java/org/srclib/java/JDK8062359.java"],"Dir":"unresolved-maven-deps","Dependencies":[{"Version":"1.0","Type":"JavaArtifact","Name":"org.apache.commons/commons-csv"},{"Version":"1.2.3","Type":"JavaArtifact","Name":"some-group-that-doesnt-exist/some-artifact-that-doesnt-exist"}],"Data":{"SourceVersion":"1.5","ClassPath":[".m2-srclib/org/apache/commons/commons-csv/1.0/commons-csv-1.0.jar"],"Dependencies":[{"groupID":"org.apache.commons","artifactID":"commons-csv","version":"1.0","scope":"compile","file":".m2-srclib/org/apache/commons/commons-csv/1.0/commons-csv-1.0.jar","type":"jar","repoURI":"http://svn.apache.org/viewvc/commons/proper/csv/tags/CSV_1.0"},{"groupID":"some-group-that-doesnt-exist","artifactID":"some-artifact-that-doesnt-exist","version":"1.2.3","scope":"compile","type":"jar"}],"SourcePath":[{"name":"org.srclib.srclib-java/unresolved-maven-deps","version":"0.0.1-SNAPSHOT","filePath":"unresolved-maven-deps/src/main/java"}],"POMFile":"unresolved-maven-deps/pom.xml","POM":{"project":{"xmlns":"http://maven.apache.org/POM/4.0.0","modelVersion":"4.0.0","groupId":"org.srclib.srclib-java","xsi:schemaLocation":"http://maven.apache.org/POM/4.0.0 http://maven.apache.org/xsd/maven-4.0.0.xsd","name":"unresolved-maven-deps","xmlns:xsi":"http://www.w3.org/2001/XMLSchema-instance","artifactId":"unresolved-maven-deps","packaging":"jar","version":"0.0.1-SNAPSHOT","url":"http://maven.apache.org","properties":{"project.build.sourceEncoding":"UTF-8"},"dependencies":{"dependency":[{"groupId":"org.apache.commons","artifactId":"commons-csv","version":1.0},{"groupId":"some-group-that-doesnt-exist","artifactId":"some-artifact-that-doesnt-exist","version":"1.2.3"}]}}}}}
