{"Name":"AndroidSupport","Type":"JavaArtifact","Files":["v4/java/android/support/v4/os/EnvironmentCompat.java","v4/kitkat/android/support/v4/os/EnvironmentCompatKitKat.java"],"Dir":".","Data":{"Type":"AndroidSupport"}}
