{"Name":"default-group/java-android-gradle-sample","Type":"JavaArtifact","Files":["build/generated/source/buildConfig/debug/de/goddchen/android/gradle/helloworld/BuildConfig.java","build/generated/source/r/debug/de/goddchen/android/gradle/helloworld/R.java","src/main/java/de/goddchen/android/gradle/helloworld/MainActivity.java"],"Data":{"Android":true,"SourceVersion":"1.8","ClassPath":["build/intermediates/dependency-cache/debug","build/intermediates/classes/debug"],"BootClassPath":["sdk/platforms/android-21/android.jar"],"Dependencies":[],"SourcePath":[{"name":"default-group/java-android-gradle-sample","version":"unspecified","filePath":"build/intermediates/classes/debug"},{"name":"default-group/java-android-gradle-sample","version":"unspecified","filePath":"build/intermediates/dependency-cache/debug"},{"name":"default-group/java-android-gradle-sample","version":"unspecified","filePath":"src/main/java"},{"name":"default-group/java-android-gradle-sample","version":"unspecified","filePath":"src/test/java"}],"GradleFile":"build.gradle"}}
