{
  "Defs": [
    {
      "UnitType": "JavaArtifact",
      "Unit": "default-group/java-android-gradle-sample",
      "Path": "de/goddchen/android/gradle/helloworld",
      "Name": "helloworld",
      "Kind": "package",
      "File": "",
      "DefStart": 0,
      "DefEnd": 0,
      "Data": {
        "JavaKind": "PACKAGE",
        "Package": "de.goddchen.android.gradle.helloworld"
      },
      "TreePath": "de/goddchen/android/gradle/helloworld"
    },
    {
      "UnitType": "JavaArtifact",
      "Unit": "default-group/java-android-gradle-sample",
      "Path": "de/goddchen/android/gradle/helloworld/MainActivity/:init",
      "Name": "\u003cinit\u003e",
      "Kind": "func",
      "File": "src/main/java/de/goddchen/android/gradle/helloworld/MainActivity.java",
      "DefStart": 143,
      "DefEnd": 155,
      "Exported": true,
      "Data": {
        "JavaKind": "CONSTRUCTOR",
        "TypeExpression": "()void",
        "Package": "de.goddchen.android.gradle.helloworld",
        "Modifiers": [
          "public"
        ]
      },
      "TreePath": "de/goddchen/android/gradle/helloworld/MainActivity/:init"
    },
    {
      "UnitType": "JavaArtifact",
      "Unit": "default-group/java-android-gradle-sample",
      "Path": "de/goddchen/android/gradle/helloworld/MainActivity:type",
      "Name": "MainActivity",
      "Kind": "type",
      "File": "src/main/java/de/goddchen/android/gradle/helloworld/MainActivity.java",
      "DefStart": 130,
      "DefEnd": 533,
      "Exported": true,
      "Data": {
        "JavaKind": "CLASS",
        "TypeExpression": "de.goddchen.android.gradle.helloworld.MainActivity",
        "Package": "de.goddchen.android.gradle.helloworld",
        "Modifiers": [
          "public"
        ]
      },
      "TreePath": "de/goddchen/android/gradle/helloworld/MainActivity:type"
    },
    {
      "UnitType": "JavaArtifact",
      "Unit": "default-group/java-android-gradle-sample",
      "Path": "de/goddchen/android/gradle/helloworld/MainActivity:type/onCreate:android.os.Bundle",
      "Name": "onCreate",
      "Kind": "func",
      "File": "src/main/java/de/goddchen/android/gradle/helloworld/MainActivity.java",
      "DefStart": 180,
      "DefEnd": 341,
      "Exported": true,
      "Data": {
        "JavaKind": "METHOD",
        "TypeExpression": "(android.os.Bundle)void",
        "Package": "de.goddchen.android.gradle.helloworld",
        "Modifiers": [
          "public"
        ]
      },
      "TreePath": "de/goddchen/android/gradle/helloworld/MainActivity:type/onCreate:android.os.Bundle"
    },
    {
      "UnitType": "JavaArtifact",
      "Unit": "default-group/java-android-gradle-sample",
      "Path": "de/goddchen/android/gradle/helloworld/MainActivity:type/onCreate:android.os.Bundle/savedInstanceState",
      "Name": "savedInstanceState",
      "Kind": "var",
      "File": "src/main/java/de/goddchen/android/gradle/helloworld/MainActivity.java",
      "DefStart": 215,
      "DefEnd": 240,
      "Local": true,
      "Data": {
        "JavaKind": "PARAMETER",
        "TypeExpression": "android.os.Bundle",
        "Package": "de.goddchen.android.gradle.helloworld",
        "Modifiers": []
      },
      "TreePath": "de/goddchen/android/gradle/helloworld/MainActivity:type/onCreate:android.os.Bundle/savedInstanceState"
    },
    {
      "UnitType": "JavaArtifact",
      "Unit": "default-group/java-android-gradle-sample",
      "Path": "de/goddchen/android/gradle/helloworld/MainActivity:type/onCreateOptionsMenu:android.view.Menu",
      "Name": "onCreateOptionsMenu",
      "Kind": "func",
      "File": "src/main/java/de/goddchen/android/gradle/helloworld/MainActivity.java",
      "DefStart": 347,
      "DefEnd": 531,
      "Exported": true,
      "Data": {
        "JavaKind": "METHOD",
        "TypeExpression": "(android.view.Menu)boolean",
        "Package": "de.goddchen.android.gradle.helloworld",
        "Modifiers": [
          "public"
        ]
      },
      "TreePath": "de/goddchen/android/gradle/helloworld/MainActivity:type/onCreateOptionsMenu:android.view.Menu"
    },
    {
      "UnitType": "JavaArtifact",
      "Unit": "default-group/java-android-gradle-sample",
      "Path": "de/goddchen/android/gradle/helloworld/MainActivity:type/onCreateOptionsMenu:android.view.Menu/menu",
      "Name": "menu",
      "Kind": "var",
      "File": "src/main/java/de/goddchen/android/gradle/helloworld/MainActivity.java",
      "DefStart": 396,
      "DefEnd": 405,
      "Local": true,
      "Data": {
        "JavaKind": "PARAMETER",
        "TypeExpression": "android.view.Menu",
        "Package": "de.goddchen.android.gradle.helloworld",
        "Modifiers": []
      },
      "TreePath": "de/goddchen/android/gradle/helloworld/MainActivity:type/onCreateOptionsMenu:android.view.Menu/menu"
    },
    {
      "UnitType": "JavaArtifact",
      "Unit": "default-group/java-android-gradle-sample",
      "Path": "de/goddchen/android/gradle/helloworld/MainActivity:type/onCreateOptionsMenu:android.view.Menu/s",
      "Name": "s",
      "Kind": "var",
      "File": "src/main/java/de/goddchen/android/gradle/helloworld/MainActivity.java",
      "DefStart": 415,
      "DefEnd": 440,
      "Local": true,
      "Data": {
        "JavaKind": "LOCAL_VARIABLE",
        "TypeExpression": "java.lang.String",
        "Package": "de.goddchen.android.gradle.helloworld",
        "Modifiers": []
      },
      "TreePath": "de/goddchen/android/gradle/helloworld/MainActivity:type/onCreateOptionsMenu:android.view.Menu/s"
    }
  ],
  "Refs": [
    {
      "DefRepo": "android.googlesource.com/platform/frameworks/base",
      "DefUnitType": "JavaArtifact",
      "DefUnit": "AndroidSDK",
      "DefPath": "android/app/Activity:type/getMenuInflater",
      "Unit": "default-group/java-android-gradle-sample",
      "File": "src/main/java/de/goddchen/android/gradle/helloworld/MainActivity.java",
      "Start": 450,
      "End": 465
    },
    {
      "DefRepo": "android.googlesource.com/platform/frameworks/base",
      "DefUnitType": "JavaArtifact",
      "DefUnit": "AndroidSDK",
      "DefPath": "android/app/Activity:type/onCreate:android.os.Bundle",
      "Unit": "default-group/java-android-gradle-sample",
      "File": "src/main/java/de/goddchen/android/gradle/helloworld/MainActivity.java",
      "Start": 258,
      "End": 266
    },
    {
      "DefRepo": "android.googlesource.com/platform/frameworks/base",
      "DefUnitType": "JavaArtifact",
      "DefUnit": "AndroidSDK",
      "DefPath": "android/app/Activity:type/setContentView:int",
      "Unit": "default-group/java-android-gradle-sample",
      "File": "src/main/java/de/goddchen/android/gradle/helloworld/MainActivity.java",
      "Start": 296,
      "End": 310
    },
    {
      "DefRepo": "android.googlesource.com/platform/frameworks/base",
      "DefUnitType": "JavaArtifact",
      "DefUnit": "AndroidSDK",
      "DefPath": "android/app/Activity:type",
      "Unit": "default-group/java-android-gradle-sample",
      "File": "src/main/java/de/goddchen/android/gradle/helloworld/MainActivity.java",
      "Start": 164,
      "End": 172
    },
    {
      "DefRepo": "android.googlesource.com/platform/frameworks/base",
      "DefUnitType": "JavaArtifact",
      "DefUnit": "AndroidSDK",
      "DefPath": "android/app/Activity:type",
      "Unit": "default-group/java-android-gradle-sample",
      "File": "src/main/java/de/goddchen/android/gradle/helloworld/MainActivity.java",
      "Start": 252,
      "End": 257
    },
    {
      "DefRepo": "android.googlesource.com/platform/frameworks/base",
      "DefUnitType": "JavaArtifact",
      "DefUnit": "AndroidSDK",
      "DefPath": "android/app/Activity:type",
      "Unit": "default-group/java-android-gradle-sample",
      "File": "src/main/java/de/goddchen/android/gradle/helloworld/MainActivity.java",
      "Start": 93,
      "End": 101
    },
    {
      "DefRepo": "android.googlesource.com/platform/frameworks/base",
      "DefUnitType": "JavaArtifact",
      "DefUnit": "AndroidSDK",
      "DefPath": "android/os/Bundle:type",
      "Unit": "default-group/java-android-gradle-sample",
      "File": "src/main/java/de/goddchen/android/gradle/helloworld/MainActivity.java",
      "Start": 215,
      "End": 221
    },
    {
      "DefRepo": "android.googlesource.com/platform/frameworks/base",
      "DefUnitType": "JavaArtifact",
      "DefUnit": "AndroidSDK",
      "DefPath": "android/os/Bundle:type",
      "Unit": "default-group/java-android-gradle-sample",
      "File": "src/main/java/de/goddchen/android/gradle/helloworld/MainActivity.java",
      "Start": 66,
      "End": 72
    },
    {
      "DefRepo": "android.googlesource.com/platform/frameworks/base",
      "DefUnitType": "JavaArtifact",
      "DefUnit": "AndroidSDK",
      "DefPath": "android/view/Menu:type",
      "Unit": "default-group/java-android-gradle-sample",
      "File": "src/main/java/de/goddchen/android/gradle/helloworld/MainActivity.java",
      "Start": 123,
      "End": 127
    },
    {
      "DefRepo": "android.googlesource.com/platform/frameworks/base",
      "DefUnitType": "JavaArtifact",
      "DefUnit": "AndroidSDK",
      "DefPath": "android/view/Menu:type",
      "Unit": "default-group/java-android-gradle-sample",
      "File": "src/main/java/de/goddchen/android/gradle/helloworld/MainActivity.java",
      "Start": 396,
      "End": 400
    },
    {
      "DefRepo": "android.googlesource.com/platform/frameworks/base",
      "DefUnitType": "JavaArtifact",
      "DefUnit": "AndroidSDK",
      "DefPath": "android/view/MenuInflater:type/inflate:int:android.view.Menu",
      "Unit": "default-group/java-android-gradle-sample",
      "File": "src/main/java/de/goddchen/android/gradle/helloworld/MainActivity.java",
      "Start": 468,
      "End": 475
    },
    {
      "DefUnitType": "JavaArtifact",
      "DefUnit": "default-group/java-android-gradle-sample",
      "DefPath": "de/goddchen/android/gradle/helloworld/MainActivity:type/onCreate:android.os.Bundle/savedInstanceState",
      "Unit": "default-group/java-android-gradle-sample",
      "Def": true,
      "File": "src/main/java/de/goddchen/android/gradle/helloworld/MainActivity.java",
      "Start": 222,
      "End": 240
    },
    {
      "DefUnitType": "JavaArtifact",
      "DefUnit": "default-group/java-android-gradle-sample",
      "DefPath": "de/goddchen/android/gradle/helloworld/MainActivity:type/onCreate:android.os.Bundle/savedInstanceState",
      "Unit": "default-group/java-android-gradle-sample",
      "File": "src/main/java/de/goddchen/android/gradle/helloworld/MainActivity.java",
      "Start": 267,
      "End": 285
    },
    {
      "DefUnitType": "JavaArtifact",
      "DefUnit": "default-group/java-android-gradle-sample",
      "DefPath": "de/goddchen/android/gradle/helloworld/MainActivity:type/onCreate:android.os.Bundle",
      "Unit": "default-group/java-android-gradle-sample",
      "Def": true,
      "File": "src/main/java/de/goddchen/android/gradle/helloworld/MainActivity.java",
      "Start": 206,
      "End": 214
    },
    {
      "DefUnitType": "JavaArtifact",
      "DefUnit": "default-group/java-android-gradle-sample",
      "DefPath": "de/goddchen/android/gradle/helloworld/MainActivity:type/onCreateOptionsMenu:android.view.Menu/menu",
      "Unit": "default-group/java-android-gradle-sample",
      "Def": true,
      "File": "src/main/java/de/goddchen/android/gradle/helloworld/MainActivity.java",
      "Start": 401,
      "End": 405
    },
    {
      "DefUnitType": "JavaArtifact",
      "DefUnit": "default-group/java-android-gradle-sample",
      "DefPath": "de/goddchen/android/gradle/helloworld/MainActivity:type/onCreateOptionsMenu:android.view.Menu/menu",
      "Unit": "default-group/java-android-gradle-sample",
      "File": "src/main/java/de/goddchen/android/gradle/helloworld/MainActivity.java",
      "Start": 498,
      "End": 502
    },
    {
      "DefUnitType": "JavaArtifact",
      "DefUnit": "default-group/java-android-gradle-sample",
      "DefPath": "de/goddchen/android/gradle/helloworld/MainActivity:type/onCreateOptionsMenu:android.view.Menu/s",
      "Unit": "default-group/java-android-gradle-sample",
      "Def": true,
      "File": "src/main/java/de/goddchen/android/gradle/helloworld/MainActivity.java",
      "Start": 422,
      "End": 423
    },
    {
      "DefUnitType": "JavaArtifact",
      "DefUnit": "default-group/java-android-gradle-sample",
      "DefPath": "de/goddchen/android/gradle/helloworld/MainActivity:type/onCreateOptionsMenu:android.view.Menu",
      "Unit": "default-group/java-android-gradle-sample",
      "Def": true,
      "File": "src/main/java/de/goddchen/android/gradle/helloworld/MainActivity.java",
      "Start": 376,
      "End": 395
    },
    {
      "DefUnitType": "JavaArtifact",
      "DefUnit": "default-group/java-android-gradle-sample",
      "DefPath": "de/goddchen/android/gradle/helloworld/MainActivity:type",
      "Unit": "default-group/java-android-gradle-sample",
      "Def": true,
      "File": "src/main/java/de/goddchen/android/gradle/helloworld/MainActivity.java",
      "Start": 143,
      "End": 155
    },
    {
      "DefRepo": "android.googlesource.com/platform/libcore",
      "DefUnitType": "JavaArtifact",
      "DefUnit": "AndroidCore",
      "DefPath": "java/lang/Override:type",
      "Unit": "default-group/java-android-gradle-sample",
      "File": "src/main/java/de/goddchen/android/gradle/helloworld/MainActivity.java",
      "Start": 181,
      "End": 189
    },
    {
      "DefRepo": "android.googlesource.com/platform/libcore",
      "DefUnitType": "JavaArtifact",
      "DefUnit": "AndroidCore",
      "DefPath": "java/lang/Override:type",
      "Unit": "default-group/java-android-gradle-sample",
      "File": "src/main/java/de/goddchen/android/gradle/helloworld/MainActivity.java",
      "Start": 348,
      "End": 356
    },
    {
      "DefRepo": "android.googlesource.com/platform/libcore",
      "DefUnitType": "JavaArtifact",
      "DefUnit": "AndroidCore",
      "DefPath": "java/lang/String:type",
      "Unit": "default-group/java-android-gradle-sample",
      "File": "src/main/java/de/goddchen/android/gradle/helloworld/MainActivity.java",
      "Start": 415,
      "End": 421
    }
  ]
}