{"Name":"org.sonatype.mavenbook.multi/simple-weather","Type":"JavaArtifact","Files":["simple-weather/src/main/java/org/sonatype/mavenbook/weather/Main.java","simple-weather/src/main/java/org/sonatype/mavenbook/weather/Weather.java","simple-weather/src/main/java/org/sonatype/mavenbook/weather/WeatherFormatter.java","simple-weather/src/main/java/org/sonatype/mavenbook/weather/WeatherService.java","simple-weather/src/main/java/org/sonatype/mavenbook/weather/YahooParser.java","simple-weather/src/main/java/org/sonatype/mavenbook/weather/YahooRetriever.java","simple-weather/src/test/java/org/sonatype/mavenbook/weather/yahoo/WeatherFormatterTest.java","simple-weather/src/test/java/org/sonatype/mavenbook/weather/yahoo/YahooParserTest.java"],"Dir":"simple-weather","Dependencies":[{"Version":"1.6.1","Type":"JavaArtifact","Name":"dom4j/dom4j"},{"Version":"1.1.1","Type":"JavaArtifact","Name":"jaxen/jaxen"},{"Version":"3.8.1","Type":"JavaArtifact","Name":"junit/junit"},{"Version":"1.2.14","Type":"JavaArtifact","Name":"log4j/log4j"},{"Version":"1.3.2","Type":"JavaArtifact","Name":"org.apache.commons/commons-io"},{"Version":"1.5","Type":"JavaArtifact","Name":"velocity/velocity"}],"Data":{"SourceVersion":"1.5","ClassPath":[".m2-srclib/jaxen/jaxen/1.1.1/jaxen-1.1.1.jar",".m2-srclib/jdom/jdom/1.0/jdom-1.0.jar",".m2-srclib/xml-apis/xml-apis/1.3.02/xml-apis-1.3.02.jar",".m2-srclib/xerces/xercesImpl/2.6.2/xercesImpl-2.6.2.jar",".m2-srclib/xom/xom/1.0/xom-1.0.jar",".m2-srclib/xerces/xmlParserAPIs/2.6.2/xmlParserAPIs-2.6.2.jar",".m2-srclib/xalan/xalan/2.6.0/xalan-2.6.0.jar",".m2-srclib/com/ibm/icu/icu4j/2.6.1/icu4j-2.6.1.jar",".m2-srclib/commons-io/commons-io/1.3.2/commons-io-1.3.2.jar",".m2-srclib/junit/junit/3.8.1/junit-3.8.1.jar",".m2-srclib/velocity/velocity/1.5/velocity-1.5.jar",".m2-srclib/commons-collections/commons-collections/3.1/commons-collections-3.1.jar",".m2-srclib/commons-lang/commons-lang/2.1/commons-lang-2.1.jar",".m2-srclib/oro/oro/2.0.8/oro-2.0.8.jar",".m2-srclib/log4j/log4j/1.2.14/log4j-1.2.14.jar",".m2-srclib/dom4j/dom4j/1.6.1/dom4j-1.6.1.jar"],"Dependencies":[{"groupID":"org.apache.commons","artifactID":"commons-io","version":"1.3.2","scope":"test","type":"jar"},{"groupID":"dom4j","artifactID":"dom4j","version":"1.6.1","scope":"compile","file":".m2-srclib/dom4j/dom4j/1.6.1/dom4j-1.6.1.jar","type":"jar","repoURI":"http://cvs.sourceforge.net/cgi-bin/viewcvs.cgi/dom4j/dom4j/"},{"groupID":"jaxen","artifactID":"jaxen","version":"1.1.1","scope":"compile","file":".m2-srclib/jaxen/jaxen/1.1.1/jaxen-1.1.1.jar","type":"jar","repoURI":"http://cvs.jaxen.codehaus.org"},{"groupID":"junit","artifactID":"junit","version":"3.8.1","scope":"test","file":".m2-srclib/junit/junit/3.8.1/junit-3.8.1.jar","type":"jar","repoURI":"http://junit.cvs.sourceforge.net/junit/"},{"groupID":"log4j","artifactID":"log4j","version":"1.2.14","scope":"compile","file":".m2-srclib/log4j/log4j/1.2.14/log4j-1.2.14.jar","type":"jar","repoURI":"http://svn.apache.org/viewcvs.cgi/logging/log4j/tags/v1_2_14/"},{"groupID":"velocity","artifactID":"velocity","version":"1.5","scope":"compile","file":".m2-srclib/velocity/velocity/1.5/velocity-1.5.jar","type":"jar","repoURI":"http://svn.apache.org/viewvc/velocity/engine/tags/Velocity_1.5"}],"SourcePath":[{"name":"org.sonatype.mavenbook.multi/simple-weather","version":"0.0.1-SNAPSHOT","filePath":"simple-weather/src/main/java"},{"name":"org.sonatype.mavenbook.multi/simple-weather","version":"0.0.1-SNAPSHOT","filePath":"simple-weather/src/test/java"}],"POMFile":"simple-weather/pom.xml","POM":{"project":{"parent":{"groupId":"org.sonatype.mavenbook.multi","artifactId":"simple-parent","version":"0.0.1-SNAPSHOT"},"xmlns":"http://maven.apache.org/POM/4.0.0","build":{"pluginManagement":{"plugins":{"plugin":{"configuration":{"testFailureIgnore":true},"groupId":"org.apache.maven.plugins","artifactId":"maven-surefire-plugin"}}}},"modelVersion":"4.0.0","xsi:schemaLocation":"http://maven.apache.org/POM/4.0.0 \n                             http://maven.apache.org/maven-v4_0_0.xsd","name":"Multi Chapter Simple Weather API","xmlns:xsi":"http://www.w3.org/2001/XMLSchema-instance","artifactId":"simple-weather","packaging":"jar","dependencies":{"dependency":[{"groupId":"log4j","artifactId":"log4j","version":"1.2.14"},{"groupId":"dom4j","artifactId":"dom4j","version":"1.6.1"},{"groupId":"jaxen","artifactId":"jaxen","version":"1.1.1"},{"groupId":"velocity","artifactId":"velocity","version":1.5},{"groupId":"org.apache.commons","scope":"test","artifactId":"commons-io","version":"1.3.2"}]}}}}}
