{"Name":"org.sonatype.mavenbook.multi/simple-webapp","Type":"JavaArtifact","Files":["simple-webapp/src/main/java/org/sonatype/mavenbook/web/SimpleServlet.java","simple-webapp/src/main/java/org/sonatype/mavenbook/web/WeatherServlet.java"],"Dir":"simple-webapp","Dependencies":[{"Version":"3.8.1","Type":"JavaArtifact","Name":"junit/junit"},{"Version":"1.1.1","Type":"JavaArtifact","Name":"org.apache.geronimo.specs/geronimo-servlet_2.4_spec"},{"Version":"0.0.1-SNAPSHOT","Type":"JavaArtifact","Name":"org.sonatype.mavenbook.multi/simple-weather"}],"Data":{"SourceVersion":"1.5","ClassPath":[".m2-srclib/junit/junit/3.8.1/junit-3.8.1.jar",".m2-srclib/org/apache/geronimo/specs/geronimo-servlet_2.4_spec/1.1.1/geronimo-servlet_2.4_spec-1.1.1.jar",".m2-srclib/jaxen/jaxen/1.1.1/jaxen-1.1.1.jar",".m2-srclib/jdom/jdom/1.0/jdom-1.0.jar",".m2-srclib/xml-apis/xml-apis/1.3.02/xml-apis-1.3.02.jar",".m2-srclib/xerces/xercesImpl/2.6.2/xercesImpl-2.6.2.jar",".m2-srclib/xom/xom/1.0/xom-1.0.jar",".m2-srclib/xerces/xmlParserAPIs/2.6.2/xmlParserAPIs-2.6.2.jar",".m2-srclib/xalan/xalan/2.6.0/xalan-2.6.0.jar",".m2-srclib/com/ibm/icu/icu4j/2.6.1/icu4j-2.6.1.jar",".m2-srclib/commons-io/commons-io/1.3.2/commons-io-1.3.2.jar",".m2-srclib/velocity/velocity/1.5/velocity-1.5.jar",".m2-srclib/commons-collections/commons-collections/3.1/commons-collections-3.1.jar",".m2-srclib/commons-lang/commons-lang/2.1/commons-lang-2.1.jar",".m2-srclib/oro/oro/2.0.8/oro-2.0.8.jar",".m2-srclib/log4j/log4j/1.2.14/log4j-1.2.14.jar",".m2-srclib/dom4j/dom4j/1.6.1/dom4j-1.6.1.jar"],"Dependencies":[{"groupID":"org.apache.geronimo.specs","artifactID":"geronimo-servlet_2.4_spec","version":"1.1.1","scope":"compile","file":".m2-srclib/org/apache/geronimo/specs/geronimo-servlet_2.4_spec/1.1.1/geronimo-servlet_2.4_spec-1.1.1.jar","type":"jar","repoURI":"https://svn.apache.org/repos/asf/geronimo/specs/tags/geronimo-servlet_2.4_spec-1.1.1"},{"groupID":"junit","artifactID":"junit","version":"3.8.1","scope":"test","file":".m2-srclib/junit/junit/3.8.1/junit-3.8.1.jar","type":"jar","repoURI":"http://junit.cvs.sourceforge.net/junit/"},{"groupID":"org.sonatype.mavenbook.multi","artifactID":"simple-weather","version":"0.0.1-SNAPSHOT","scope":"compile","type":"jar"}],"SourcePath":[{"name":"org.sonatype.mavenbook.multi/simple-weather","version":"0.0.1-SNAPSHOT","filePath":"simple-weather/src/main/java"},{"name":"org.sonatype.mavenbook.multi/simple-weather","version":"0.0.1-SNAPSHOT","filePath":"simple-weather/src/test/java"},{"name":"org.sonatype.mavenbook.multi/simple-webapp","version":"0.0.1-SNAPSHOT","filePath":"simple-webapp/src/main/java"}],"POMFile":"simple-webapp/pom.xml","POM":{"project":{"parent":{"groupId":"org.sonatype.mavenbook.multi","artifactId":"simple-parent","version":"0.0.1-SNAPSHOT"},"xmlns":"http://maven.apache.org/POM/4.0.0","build":{"plugins":{"plugin":{"groupId":"org.mortbay.jetty","artifactId":"maven-jetty-plugin"}},"finalName":"simple-webapp"},"modelVersion":"4.0.0","xsi:schemaLocation":"http://maven.apache.org/POM/4.0.0 \n                             http://maven.apache.org/maven-v4_0_0.xsd","name":"Multi Chapter Simple Web Application Project","xmlns:xsi":"http://www.w3.org/2001/XMLSchema-instance","artifactId":"simple-webapp","packaging":"war","dependencies":{"dependency":[{"groupId":"org.apache.geronimo.specs","artifactId":"geronimo-servlet_2.4_spec","version":"1.1.1"},{"groupId":"org.sonatype.mavenbook.multi","artifactId":"simple-weather","version":"${project.version}"}]}}}}}
