{"Name":"com.sourcegraph/java-gradle-sample","Type":"JavaArtifact","Files":["src/main/java/mypkg/Container.java","src/main/java/mypkg/FooClass.java","src/main/java/mypkg/IBar.java","src/main/java/mypkg/subpkg/QuxEnum.java","src/main/java/mypkg/subpkg/ZipClass.java"],"Dependencies":[{"Version":"1.30","Type":"JavaArtifact","Name":"com.beust/jcommander"},{"Version":"1.30","Type":"JavaArtifact","Name":"com.beust/jcommander"},{"Version":"1.30","Type":"JavaArtifact","Name":"com.beust/jcommander"}],"Data":{"SourceVersion":"1.8","ClassPath":[".gradle-srclib/caches/modules-2/files-2.1/com.beust/jcommander/1.30/c440b30a944ba199751551aee393f8aa03b3c327/jcommander-1.30.jar"],"Dependencies":[{"groupID":"com.beust","artifactID":"jcommander","version":"1.30","scope":"compile","file":".gradle-srclib/caches/modules-2/files-2.1/com.beust/jcommander/1.30/c440b30a944ba199751551aee393f8aa03b3c327/jcommander-1.30.jar"},{"groupID":"com.beust","artifactID":"jcommander","version":"1.30","scope":"compileOnly","file":".gradle-srclib/caches/modules-2/files-2.1/com.beust/jcommander/1.30/c440b30a944ba199751551aee393f8aa03b3c327/jcommander-1.30.jar"},{"groupID":"com.beust","artifactID":"jcommander","version":"1.30","scope":"testCompile","file":".gradle-srclib/caches/modules-2/files-2.1/com.beust/jcommander/1.30/c440b30a944ba199751551aee393f8aa03b3c327/jcommander-1.30.jar"}],"SourcePath":[{"name":"com.sourcegraph/java-gradle-sample","version":"0.0.1-SNAPSHOT","filePath":"src/main/java"},{"name":"com.sourcegraph/java-gradle-sample","version":"0.0.1-SNAPSHOT","filePath":"src/test/java"}],"GradleFile":"build.gradle"}}
