[
  {
    "Raw": {
      "groupID": "org.apache.commons",
      "artifactID": "commons-csv",
      "version": "1.0",
      "scope": "compile",
      "file": ".m2-srclib/org/apache/commons/commons-csv/1.0/commons-csv-1.0.jar",
      "type": "jar",
      "repoURI": "http://svn.apache.org/viewvc/commons/proper/csv/tags/CSV_1.0"
    },
    "Target": {
      "ToRepoCloneURL": "https://github.com/apache/commons-csv",
      "ToUnit": "org.apache.commons/commons-csv",
      "ToUnitType": "JavaArtifact",
      "ToVersionString": "1.0"
    }
  },
  {
    "Raw": {
      "groupID": "org.slf4j",
      "artifactID": "slf4j-api",
      "version": "1.7.21",
      "scope": "compile",
      "file": ".m2-srclib/org/slf4j/slf4j-api/1.7.21/slf4j-api-1.7.21.jar",
      "type": "jar"
    },
    "Target": {
      "ToRepoCloneURL": "https://github.com/qos-ch/slf4j",
      "ToUnit": "org.slf4j/slf4j-api",
      "ToUnitType": "JavaArtifact",
      "ToVersionString": "1.7.21"
    }
  },
  {
    "Target": {
      "ToRepoCloneURL": "hg.openjdk.java.net/jdk8/jdk8/jdk",
      "ToUnit": "jdk",
      "ToUnitType": "Java"
    }
  }
]