{"Name":"com.sourcegraph/java-maven-sample","Type":"JavaArtifact","Files":["src/main/java/mypkg/Container.java","src/main/java/mypkg/FooClass.java","src/main/java/mypkg/IBar.java","src/main/java/mypkg/StaticInit.java","src/main/java/mypkg/ThisSuperClass.java","src/main/java/mypkg/innerclassimport/Foo.java","src/main/java/mypkg/innerclassimport/Main.java","src/main/java/mypkg/subpkg/QuxEnum.java","src/main/java/mypkg/subpkg/ZipClass.java"],"Dependencies":[{"Version":"1.0","Type":"JavaArtifact","Name":"org.apache.commons/commons-csv"}],"Data":{"SourceVersion":"1.8","ClassPath":[".m2-srclib/org/apache/commons/commons-csv/1.0/commons-csv-1.0.jar"],"Dependencies":[{"groupID":"org.apache.commons","artifactID":"commons-csv","version":"1.0","scope":"compile","file":".m2-srclib/org/apache/commons/commons-csv/1.0/commons-csv-1.0.jar","type":"jar","repoURI":"http://svn.apache.org/viewvc/commons/proper/csv/tags/CSV_1.0"}],"SourcePath":[{"name":"com.sourcegraph/java-maven-sample","version":"0.0.1-SNAPSHOT","filePath":"src/main/java"}],"POMFile":"pom.xml","POM":{"project":{"xmlns":"http://maven.apache.org/POM/4.0.0","build":{"plugins":{"plugin":{"configuration":{"source":1.8,"target":1.8},"groupId":"org.apache.maven.plugins","artifactId":"maven-compiler-plugin"}}},"modelVersion":"4.0.0","groupId":"com.sourcegraph","xsi:schemaLocation":"http://maven.apache.org/POM/4.0.0 http://maven.apache.org/maven-v4_0_0.xsd","name":"java-maven-sample","xmlns:xsi":"http://www.w3.org/2001/XMLSchema-instance","artifactId":"java-maven-sample","packaging":"jar","version":"0.0.1-SNAPSHOT","url":"https://github.com/sourcegraph/java-maven-sample","dependencies":{"dependency":{"groupId":"org.apache.commons","artifactId":"commons-csv","version":1.0}}}}}}
