[
  {
    "Target": {
      "ToRepoCloneURL": "hg.openjdk.java.net/jdk8/jdk8/jdk",
      "ToUnit": "jdk",
      "ToUnitType": "Java"
    }
  }
]