{"Name":"foobar/java-ident-issue-23","Type":"JavaArtifact","Files":["src/main/java/x/Foo.java"],"Data":{"SourceVersion":"1.8","ClassPath":[],"Dependencies":[],"SourcePath":[{"name":"foobar/java-ident-issue-23","version":"1.0","filePath":"src/main/java"},{"name":"foobar/java-ident-issue-23","version":"1.0","filePath":"src/test/java"}],"GradleFile":"build.gradle"}}
