{"Name":"com.sourcegraph/tweedledee-tweedledum","Type":"JavaArtifact","Files":["src/main/java/com/sourcegraph/Main.java"],"Data":{"SourceVersion":"1.8","ClassPath":[],"Dependencies":[],"SourcePath":[{"name":"com.sourcegraph/tweedledee-tweedledum","version":"unspecified","filePath":"src/main/java"},{"name":"com.sourcegraph/tweedledee-tweedledum","version":"unspecified","filePath":"src/test/java"}],"GradleFile":"build.gradle"}}
